<?xml version="1.0" encoding="UTF-8"?>
<TestRun id="b4284bb9-9fe4-4553-9b35-7278678e3f12" name="Danil@DANIL-PC 2016-03-19 11:41:26" runUser="Danil-PC\Danil" xmlns="http://microsoft.com/schemas/VisualStudio/TeamTest/2010">
  <TestSettings name="Локальные" id="26eae600-dc97-45ab-946a-70759e27358f">
    <Description>Это - параметры по умолчанию для локального тестового запуска.</Description>
    <Deployment enabled="false" runDeploymentRoot="Danil_DANIL-PC 2016-03-19 11_41_26">
      <DeploymentItem filename="C:\Users\Danil\Documents\Visual Studio 2010\Projects\ValueConverter\ValueConverter\bin\Debug\ValueConverter.exe" />
    </Deployment>
    <Execution>
      <TestTypeSpecific />
      <AgentRule name="Execution Agents">
      </AgentRule>
    </Execution>
  </TestSettings>
  <Times creation="2016-03-19T11:41:26.5025845+06:00" queuing="2016-03-19T11:41:26.5365865+06:00" start="2016-03-19T11:41:26.5455870+06:00" finish="2016-03-19T11:41:26.9226086+06:00" />
  <ResultSummary outcome="Completed">
    <Counters total="12" executed="12" passed="12" error="0" failed="0" timeout="0" aborted="0" inconclusive="0" passedButRunAborted="0" notRunnable="0" notExecuted="0" disconnected="0" warning="0" completed="0" inProgress="0" pending="0" />
  </ResultSummary>
  <TestDefinitions>
    <UnitTest name="TestDmSm" storage="c:\users\danil\documents\visual studio 2010\projects\valueconverter\testconverter\bin\debug\testconverter.dll" id="a57aff22-b053-f88f-75ed-245c14bfc6e5">
      <Execution id="a59b378e-f470-4220-b027-b4e5891286f5" />
      <TestMethod codeBase="C:/Users/Danil/Documents/Visual Studio 2010/Projects/ValueConverter/TestConverter/bin/Debug/TestConverter.DLL" adapterTypeName="Microsoft.VisualStudio.TestTools.TestTypes.Unit.UnitTestAdapter, Microsoft.VisualStudio.QualityTools.Tips.UnitTest.Adapter, Version=10.0.0.0, Culture=neutral, PublicKeyToken=b03f5f7f11d50a3a" className="ValueConverter.UnitTestConverter, TestConverter, Version=1.0.0.0, Culture=neutral, PublicKeyToken=null" name="TestDmSm" />
    </UnitTest>
    <UnitTest name="TestSmMetr" storage="c:\users\danil\documents\visual studio 2010\projects\valueconverter\testconverter\bin\debug\testconverter.dll" id="9ba3421a-22d3-8dd2-3b33-7ade886ef9cb">
      <Execution id="9a184172-b4f4-4718-83e4-1dbbbb79f09d" />
      <TestMethod codeBase="C:/Users/Danil/Documents/Visual Studio 2010/Projects/ValueConverter/TestConverter/bin/Debug/TestConverter.DLL" adapterTypeName="Microsoft.VisualStudio.TestTools.TestTypes.Unit.UnitTestAdapter, Microsoft.VisualStudio.QualityTools.Tips.UnitTest.Adapter, Version=10.0.0.0, Culture=neutral, PublicKeyToken=b03f5f7f11d50a3a" className="ValueConverter.UnitTestConverter, TestConverter, Version=1.0.0.0, Culture=neutral, PublicKeyToken=null" name="TestSmMetr" />
    </UnitTest>
    <UnitTest name="TestMmDm" storage="c:\users\danil\documents\visual studio 2010\projects\valueconverter\testconverter\bin\debug\testconverter.dll" id="feb481cd-226b-f8fb-2e66-af7038d9bf6d">
      <Execution id="a8d37a6b-99e3-4d8d-a8a1-b4019727e268" />
      <TestMethod codeBase="C:/Users/Danil/Documents/Visual Studio 2010/Projects/ValueConverter/TestConverter/bin/Debug/TestConverter.DLL" adapterTypeName="Microsoft.VisualStudio.TestTools.TestTypes.Unit.UnitTestAdapter, Microsoft.VisualStudio.QualityTools.Tips.UnitTest.Adapter, Version=10.0.0.0, Culture=neutral, PublicKeyToken=b03f5f7f11d50a3a" className="ValueConverter.UnitTestConverter, TestConverter, Version=1.0.0.0, Culture=neutral, PublicKeyToken=null" name="TestMmDm" />
    </UnitTest>
    <UnitTest name="TestDmMm" storage="c:\users\danil\documents\visual studio 2010\projects\valueconverter\testconverter\bin\debug\testconverter.dll" id="3d402391-365d-2a98-9024-f4cd22140996">
      <Execution id="cb216bfe-75b2-4e08-88d8-266cbdf89786" />
      <TestMethod codeBase="C:/Users/Danil/Documents/Visual Studio 2010/Projects/ValueConverter/TestConverter/bin/Debug/TestConverter.DLL" adapterTypeName="Microsoft.VisualStudio.TestTools.TestTypes.Unit.UnitTestAdapter, Microsoft.VisualStudio.QualityTools.Tips.UnitTest.Adapter, Version=10.0.0.0, Culture=neutral, PublicKeyToken=b03f5f7f11d50a3a" className="ValueConverter.UnitTestConverter, TestConverter, Version=1.0.0.0, Culture=neutral, PublicKeyToken=null" name="TestDmMm" />
    </UnitTest>
    <UnitTest name="TestMetrSm" storage="c:\users\danil\documents\visual studio 2010\projects\valueconverter\testconverter\bin\debug\testconverter.dll" id="6c2cedde-cd7e-0efc-d6fa-837282b6c32b">
      <Execution id="598ac461-15cb-4935-a15c-1a0070a0ab1a" />
      <TestMethod codeBase="C:/Users/Danil/Documents/Visual Studio 2010/Projects/ValueConverter/TestConverter/bin/Debug/TestConverter.DLL" adapterTypeName="Microsoft.VisualStudio.TestTools.TestTypes.Unit.UnitTestAdapter, Microsoft.VisualStudio.QualityTools.Tips.UnitTest.Adapter, Version=10.0.0.0, Culture=neutral, PublicKeyToken=b03f5f7f11d50a3a" className="ValueConverter.UnitTestConverter, TestConverter, Version=1.0.0.0, Culture=neutral, PublicKeyToken=null" name="TestMetrSm" />
    </UnitTest>
    <UnitTest name="TestMetrMm" storage="c:\users\danil\documents\visual studio 2010\projects\valueconverter\testconverter\bin\debug\testconverter.dll" id="e4d2a67b-ad04-ecd0-21a5-fad045265e2d">
      <Execution id="27029738-3af1-4274-9b9e-080e1e765ff4" />
      <TestMethod codeBase="C:/Users/Danil/Documents/Visual Studio 2010/Projects/ValueConverter/TestConverter/bin/Debug/TestConverter.DLL" adapterTypeName="Microsoft.VisualStudio.TestTools.TestTypes.Unit.UnitTestAdapter, Microsoft.VisualStudio.QualityTools.Tips.UnitTest.Adapter, Version=10.0.0.0, Culture=neutral, PublicKeyToken=b03f5f7f11d50a3a" className="ValueConverter.UnitTestConverter, TestConverter, Version=1.0.0.0, Culture=neutral, PublicKeyToken=null" name="TestMetrMm" />
    </UnitTest>
    <UnitTest name="TestSmDm" storage="c:\users\danil\documents\visual studio 2010\projects\valueconverter\testconverter\bin\debug\testconverter.dll" id="032f58ba-8aa6-4d5a-5072-3b9bf5ac4a7e">
      <Execution id="c3d77bf3-8650-43eb-8121-46abbc34332e" />
      <TestMethod codeBase="C:/Users/Danil/Documents/Visual Studio 2010/Projects/ValueConverter/TestConverter/bin/Debug/TestConverter.DLL" adapterTypeName="Microsoft.VisualStudio.TestTools.TestTypes.Unit.UnitTestAdapter, Microsoft.VisualStudio.QualityTools.Tips.UnitTest.Adapter, Version=10.0.0.0, Culture=neutral, PublicKeyToken=b03f5f7f11d50a3a" className="ValueConverter.UnitTestConverter, TestConverter, Version=1.0.0.0, Culture=neutral, PublicKeyToken=null" name="TestSmDm" />
    </UnitTest>
    <UnitTest name="TestMetrDm" storage="c:\users\danil\documents\visual studio 2010\projects\valueconverter\testconverter\bin\debug\testconverter.dll" id="c0883313-e389-a91f-1210-0652148b1a2f">
      <Execution id="332a54bb-eef6-4576-aac8-2378d9e7f40c" />
      <TestMethod codeBase="C:/Users/Danil/Documents/Visual Studio 2010/Projects/ValueConverter/TestConverter/bin/Debug/TestConverter.DLL" adapterTypeName="Microsoft.VisualStudio.TestTools.TestTypes.Unit.UnitTestAdapter, Microsoft.VisualStudio.QualityTools.Tips.UnitTest.Adapter, Version=10.0.0.0, Culture=neutral, PublicKeyToken=b03f5f7f11d50a3a" className="ValueConverter.UnitTestConverter, TestConverter, Version=1.0.0.0, Culture=neutral, PublicKeyToken=null" name="TestMetrDm" />
    </UnitTest>
    <UnitTest name="TestMmMetr" storage="c:\users\danil\documents\visual studio 2010\projects\valueconverter\testconverter\bin\debug\testconverter.dll" id="2c1b110b-9439-153a-81d8-8cfd34023275">
      <Execution id="08efcdfb-ee07-4490-840b-706fbab8e353" />
      <TestMethod codeBase="C:/Users/Danil/Documents/Visual Studio 2010/Projects/ValueConverter/TestConverter/bin/Debug/TestConverter.DLL" adapterTypeName="Microsoft.VisualStudio.TestTools.TestTypes.Unit.UnitTestAdapter, Microsoft.VisualStudio.QualityTools.Tips.UnitTest.Adapter, Version=10.0.0.0, Culture=neutral, PublicKeyToken=b03f5f7f11d50a3a" className="ValueConverter.UnitTestConverter, TestConverter, Version=1.0.0.0, Culture=neutral, PublicKeyToken=null" name="TestMmMetr" />
    </UnitTest>
    <UnitTest name="TestDmMetr" storage="c:\users\danil\documents\visual studio 2010\projects\valueconverter\testconverter\bin\debug\testconverter.dll" id="79c6110a-95f0-0319-18c8-4c7911f4b745">
      <Execution id="14dd2acb-1916-45ee-b764-f325199a0d7e" />
      <TestMethod codeBase="C:/Users/Danil/Documents/Visual Studio 2010/Projects/ValueConverter/TestConverter/bin/Debug/TestConverter.DLL" adapterTypeName="Microsoft.VisualStudio.TestTools.TestTypes.Unit.UnitTestAdapter, Microsoft.VisualStudio.QualityTools.Tips.UnitTest.Adapter, Version=10.0.0.0, Culture=neutral, PublicKeyToken=b03f5f7f11d50a3a" className="ValueConverter.UnitTestConverter, TestConverter, Version=1.0.0.0, Culture=neutral, PublicKeyToken=null" name="TestDmMetr" />
    </UnitTest>
    <UnitTest name="TestMmSm" storage="c:\users\danil\documents\visual studio 2010\projects\valueconverter\testconverter\bin\debug\testconverter.dll" id="353206ff-aa2a-cb79-c509-69ae29047a15">
      <Execution id="293a772a-bb12-4e52-90cd-a51cb36e7895" />
      <TestMethod codeBase="C:/Users/Danil/Documents/Visual Studio 2010/Projects/ValueConverter/TestConverter/bin/Debug/TestConverter.DLL" adapterTypeName="Microsoft.VisualStudio.TestTools.TestTypes.Unit.UnitTestAdapter, Microsoft.VisualStudio.QualityTools.Tips.UnitTest.Adapter, Version=10.0.0.0, Culture=neutral, PublicKeyToken=b03f5f7f11d50a3a" className="ValueConverter.UnitTestConverter, TestConverter, Version=1.0.0.0, Culture=neutral, PublicKeyToken=null" name="TestMmSm" />
    </UnitTest>
    <UnitTest name="TestSmMm" storage="c:\users\danil\documents\visual studio 2010\projects\valueconverter\testconverter\bin\debug\testconverter.dll" id="18b7e4e4-b90d-6a98-eccf-cc1fc273a112">
      <Execution id="8bd3bf33-409b-4fda-9594-e97d646c410c" />
      <TestMethod codeBase="C:/Users/Danil/Documents/Visual Studio 2010/Projects/ValueConverter/TestConverter/bin/Debug/TestConverter.DLL" adapterTypeName="Microsoft.VisualStudio.TestTools.TestTypes.Unit.UnitTestAdapter, Microsoft.VisualStudio.QualityTools.Tips.UnitTest.Adapter, Version=10.0.0.0, Culture=neutral, PublicKeyToken=b03f5f7f11d50a3a" className="ValueConverter.UnitTestConverter, TestConverter, Version=1.0.0.0, Culture=neutral, PublicKeyToken=null" name="TestSmMm" />
    </UnitTest>
  </TestDefinitions>
  <TestLists>
    <TestList name="Отсутствующие в списке результаты" id="8c84fa94-04c1-424b-9868-57a2d4851a1d" />
    <TestList name="Все загруженные результаты" id="19431567-8539-422a-85d7-44ee4e166bda" />
  </TestLists>
  <TestEntries>
    <TestEntry testId="6c2cedde-cd7e-0efc-d6fa-837282b6c32b" executionId="598ac461-15cb-4935-a15c-1a0070a0ab1a" testListId="8c84fa94-04c1-424b-9868-57a2d4851a1d" />
    <TestEntry testId="c0883313-e389-a91f-1210-0652148b1a2f" executionId="332a54bb-eef6-4576-aac8-2378d9e7f40c" testListId="8c84fa94-04c1-424b-9868-57a2d4851a1d" />
    <TestEntry testId="9ba3421a-22d3-8dd2-3b33-7ade886ef9cb" executionId="9a184172-b4f4-4718-83e4-1dbbbb79f09d" testListId="8c84fa94-04c1-424b-9868-57a2d4851a1d" />
    <TestEntry testId="032f58ba-8aa6-4d5a-5072-3b9bf5ac4a7e" executionId="c3d77bf3-8650-43eb-8121-46abbc34332e" testListId="8c84fa94-04c1-424b-9868-57a2d4851a1d" />
    <TestEntry testId="2c1b110b-9439-153a-81d8-8cfd34023275" executionId="08efcdfb-ee07-4490-840b-706fbab8e353" testListId="8c84fa94-04c1-424b-9868-57a2d4851a1d" />
    <TestEntry testId="feb481cd-226b-f8fb-2e66-af7038d9bf6d" executionId="a8d37a6b-99e3-4d8d-a8a1-b4019727e268" testListId="8c84fa94-04c1-424b-9868-57a2d4851a1d" />
    <TestEntry testId="353206ff-aa2a-cb79-c509-69ae29047a15" executionId="293a772a-bb12-4e52-90cd-a51cb36e7895" testListId="8c84fa94-04c1-424b-9868-57a2d4851a1d" />
    <TestEntry testId="e4d2a67b-ad04-ecd0-21a5-fad045265e2d" executionId="27029738-3af1-4274-9b9e-080e1e765ff4" testListId="8c84fa94-04c1-424b-9868-57a2d4851a1d" />
    <TestEntry testId="79c6110a-95f0-0319-18c8-4c7911f4b745" executionId="14dd2acb-1916-45ee-b764-f325199a0d7e" testListId="8c84fa94-04c1-424b-9868-57a2d4851a1d" />
    <TestEntry testId="a57aff22-b053-f88f-75ed-245c14bfc6e5" executionId="a59b378e-f470-4220-b027-b4e5891286f5" testListId="8c84fa94-04c1-424b-9868-57a2d4851a1d" />
    <TestEntry testId="3d402391-365d-2a98-9024-f4cd22140996" executionId="cb216bfe-75b2-4e08-88d8-266cbdf89786" testListId="8c84fa94-04c1-424b-9868-57a2d4851a1d" />
    <TestEntry testId="18b7e4e4-b90d-6a98-eccf-cc1fc273a112" executionId="8bd3bf33-409b-4fda-9594-e97d646c410c" testListId="8c84fa94-04c1-424b-9868-57a2d4851a1d" />
  </TestEntries>
  <Results>
    <UnitTestResult executionId="598ac461-15cb-4935-a15c-1a0070a0ab1a" testId="6c2cedde-cd7e-0efc-d6fa-837282b6c32b" testName="TestMetrSm" computerName="DANIL-PC" duration="00:00:00.0720297" startTime="2016-03-19T11:41:26.5485872+06:00" endTime="2016-03-19T11:41:26.8576048+06:00" testType="13cdc9d9-ddb5-4fa4-a97d-d965ccfc6d4b" outcome="Passed" testListId="8c84fa94-04c1-424b-9868-57a2d4851a1d" relativeResultsDirectory="598ac461-15cb-4935-a15c-1a0070a0ab1a">
    </UnitTestResult>
    <UnitTestResult executionId="332a54bb-eef6-4576-aac8-2378d9e7f40c" testId="c0883313-e389-a91f-1210-0652148b1a2f" testName="TestMetrDm" computerName="DANIL-PC" duration="00:00:00.0002620" startTime="2016-03-19T11:41:26.8606050+06:00" endTime="2016-03-19T11:41:26.8646052+06:00" testType="13cdc9d9-ddb5-4fa4-a97d-d965ccfc6d4b" outcome="Passed" testListId="8c84fa94-04c1-424b-9868-57a2d4851a1d" relativeResultsDirectory="332a54bb-eef6-4576-aac8-2378d9e7f40c">
    </UnitTestResult>
    <UnitTestResult executionId="9a184172-b4f4-4718-83e4-1dbbbb79f09d" testId="9ba3421a-22d3-8dd2-3b33-7ade886ef9cb" testName="TestSmMetr" computerName="DANIL-PC" duration="00:00:00.0003899" startTime="2016-03-19T11:41:26.8666054+06:00" endTime="2016-03-19T11:41:26.8686055+06:00" testType="13cdc9d9-ddb5-4fa4-a97d-d965ccfc6d4b" outcome="Passed" testListId="8c84fa94-04c1-424b-9868-57a2d4851a1d" relativeResultsDirectory="9a184172-b4f4-4718-83e4-1dbbbb79f09d">
    </UnitTestResult>
    <UnitTestResult executionId="c3d77bf3-8650-43eb-8121-46abbc34332e" testId="032f58ba-8aa6-4d5a-5072-3b9bf5ac4a7e" testName="TestSmDm" computerName="DANIL-PC" duration="00:00:00.0002644" startTime="2016-03-19T11:41:26.8706056+06:00" endTime="2016-03-19T11:41:26.8736058+06:00" testType="13cdc9d9-ddb5-4fa4-a97d-d965ccfc6d4b" outcome="Passed" testListId="8c84fa94-04c1-424b-9868-57a2d4851a1d" relativeResultsDirectory="c3d77bf3-8650-43eb-8121-46abbc34332e">
    </UnitTestResult>
    <UnitTestResult executionId="08efcdfb-ee07-4490-840b-706fbab8e353" testId="2c1b110b-9439-153a-81d8-8cfd34023275" testName="TestMmMetr" computerName="DANIL-PC" duration="00:00:00.0003857" startTime="2016-03-19T11:41:26.8756059+06:00" endTime="2016-03-19T11:41:26.8786060+06:00" testType="13cdc9d9-ddb5-4fa4-a97d-d965ccfc6d4b" outcome="Passed" testListId="8c84fa94-04c1-424b-9868-57a2d4851a1d" relativeResultsDirectory="08efcdfb-ee07-4490-840b-706fbab8e353">
    </UnitTestResult>
    <UnitTestResult executionId="a8d37a6b-99e3-4d8d-a8a1-b4019727e268" testId="feb481cd-226b-f8fb-2e66-af7038d9bf6d" testName="TestMmDm" computerName="DANIL-PC" duration="00:00:00.0002444" startTime="2016-03-19T11:41:26.8806062+06:00" endTime="2016-03-19T11:41:26.8836063+06:00" testType="13cdc9d9-ddb5-4fa4-a97d-d965ccfc6d4b" outcome="Passed" testListId="8c84fa94-04c1-424b-9868-57a2d4851a1d" relativeResultsDirectory="a8d37a6b-99e3-4d8d-a8a1-b4019727e268">
    </UnitTestResult>
    <UnitTestResult executionId="293a772a-bb12-4e52-90cd-a51cb36e7895" testId="353206ff-aa2a-cb79-c509-69ae29047a15" testName="TestMmSm" computerName="DANIL-PC" duration="00:00:00.0002710" startTime="2016-03-19T11:41:26.8846064+06:00" endTime="2016-03-19T11:41:26.8866065+06:00" testType="13cdc9d9-ddb5-4fa4-a97d-d965ccfc6d4b" outcome="Passed" testListId="8c84fa94-04c1-424b-9868-57a2d4851a1d" relativeResultsDirectory="293a772a-bb12-4e52-90cd-a51cb36e7895">
    </UnitTestResult>
    <UnitTestResult executionId="27029738-3af1-4274-9b9e-080e1e765ff4" testId="e4d2a67b-ad04-ecd0-21a5-fad045265e2d" testName="TestMetrMm" computerName="DANIL-PC" duration="00:00:00.0002879" startTime="2016-03-19T11:41:26.8876066+06:00" endTime="2016-03-19T11:41:26.8916068+06:00" testType="13cdc9d9-ddb5-4fa4-a97d-d965ccfc6d4b" outcome="Passed" testListId="8c84fa94-04c1-424b-9868-57a2d4851a1d" relativeResultsDirectory="27029738-3af1-4274-9b9e-080e1e765ff4">
    </UnitTestResult>
    <UnitTestResult executionId="14dd2acb-1916-45ee-b764-f325199a0d7e" testId="79c6110a-95f0-0319-18c8-4c7911f4b745" testName="TestDmMetr" computerName="DANIL-PC" duration="00:00:00.0004660" startTime="2016-03-19T11:41:26.8926068+06:00" endTime="2016-03-19T11:41:26.8956070+06:00" testType="13cdc9d9-ddb5-4fa4-a97d-d965ccfc6d4b" outcome="Passed" testListId="8c84fa94-04c1-424b-9868-57a2d4851a1d" relativeResultsDirectory="14dd2acb-1916-45ee-b764-f325199a0d7e">
    </UnitTestResult>
    <UnitTestResult executionId="a59b378e-f470-4220-b027-b4e5891286f5" testId="a57aff22-b053-f88f-75ed-245c14bfc6e5" testName="TestDmSm" computerName="DANIL-PC" duration="00:00:00.0002614" startTime="2016-03-19T11:41:26.8976071+06:00" endTime="2016-03-19T11:41:26.9006073+06:00" testType="13cdc9d9-ddb5-4fa4-a97d-d965ccfc6d4b" outcome="Passed" testListId="8c84fa94-04c1-424b-9868-57a2d4851a1d" relativeResultsDirectory="a59b378e-f470-4220-b027-b4e5891286f5">
    </UnitTestResult>
    <UnitTestResult executionId="cb216bfe-75b2-4e08-88d8-266cbdf89786" testId="3d402391-365d-2a98-9024-f4cd22140996" testName="TestDmMm" computerName="DANIL-PC" duration="00:00:00.0002716" startTime="2016-03-19T11:41:26.9016074+06:00" endTime="2016-03-19T11:41:26.9046075+06:00" testType="13cdc9d9-ddb5-4fa4-a97d-d965ccfc6d4b" outcome="Passed" testListId="8c84fa94-04c1-424b-9868-57a2d4851a1d" relativeResultsDirectory="cb216bfe-75b2-4e08-88d8-266cbdf89786">
    </UnitTestResult>
    <UnitTestResult executionId="8bd3bf33-409b-4fda-9594-e97d646c410c" testId="18b7e4e4-b90d-6a98-eccf-cc1fc273a112" testName="TestSmMm" computerName="DANIL-PC" duration="00:00:00.0002801" startTime="2016-03-19T11:41:26.9066076+06:00" endTime="2016-03-19T11:41:26.9096078+06:00" testType="13cdc9d9-ddb5-4fa4-a97d-d965ccfc6d4b" outcome="Passed" testListId="8c84fa94-04c1-424b-9868-57a2d4851a1d" relativeResultsDirectory="8bd3bf33-409b-4fda-9594-e97d646c410c">
    </UnitTestResult>
  </Results>
</TestRun>