<?xml version="1.0" encoding="UTF-8"?>
<TestRun id="cd456b69-2cd8-4a63-aa17-de2048e847a9" name="Danil@DANIL-PC 2016-03-19 11:39:12" runUser="Danil-PC\Danil" xmlns="http://microsoft.com/schemas/VisualStudio/TeamTest/2010">
  <TestSettings name="Локальные" id="26eae600-dc97-45ab-946a-70759e27358f">
    <Description>Это - параметры по умолчанию для локального тестового запуска.</Description>
    <Deployment enabled="false" runDeploymentRoot="Danil_DANIL-PC 2016-03-19 11_39_12">
      <DeploymentItem filename="C:\Users\Danil\Documents\Visual Studio 2010\Projects\ValueConverter\ValueConverter\bin\Debug\ValueConverter.exe" />
    </Deployment>
    <Execution>
      <TestTypeSpecific />
      <AgentRule name="Execution Agents">
      </AgentRule>
    </Execution>
  </TestSettings>
  <Times creation="2016-03-19T11:39:12.4749186+06:00" queuing="2016-03-19T11:39:12.5149209+06:00" start="2016-03-19T11:39:12.5249215+06:00" finish="2016-03-19T11:39:12.8869422+06:00" />
  <ResultSummary outcome="Completed">
    <Counters total="12" executed="12" passed="12" error="0" failed="0" timeout="0" aborted="0" inconclusive="0" passedButRunAborted="0" notRunnable="0" notExecuted="0" disconnected="0" warning="0" completed="0" inProgress="0" pending="0" />
  </ResultSummary>
  <TestDefinitions>
    <UnitTest name="TestDmSm" storage="c:\users\danil\documents\visual studio 2010\projects\valueconverter\testconverter\bin\debug\testconverter.dll" id="a57aff22-b053-f88f-75ed-245c14bfc6e5">
      <Execution id="902477af-b988-4408-8914-1cbb1c24aad5" />
      <TestMethod codeBase="C:/Users/Danil/Documents/Visual Studio 2010/Projects/ValueConverter/TestConverter/bin/Debug/TestConverter.DLL" adapterTypeName="Microsoft.VisualStudio.TestTools.TestTypes.Unit.UnitTestAdapter, Microsoft.VisualStudio.QualityTools.Tips.UnitTest.Adapter, Version=10.0.0.0, Culture=neutral, PublicKeyToken=b03f5f7f11d50a3a" className="ValueConverter.UnitTestConverter, TestConverter, Version=1.0.0.0, Culture=neutral, PublicKeyToken=null" name="TestDmSm" />
    </UnitTest>
    <UnitTest name="TestSmMetr" storage="c:\users\danil\documents\visual studio 2010\projects\valueconverter\testconverter\bin\debug\testconverter.dll" id="9ba3421a-22d3-8dd2-3b33-7ade886ef9cb">
      <Execution id="3bf872df-7714-46ba-a3e9-e64276e85194" />
      <TestMethod codeBase="C:/Users/Danil/Documents/Visual Studio 2010/Projects/ValueConverter/TestConverter/bin/Debug/TestConverter.DLL" adapterTypeName="Microsoft.VisualStudio.TestTools.TestTypes.Unit.UnitTestAdapter, Microsoft.VisualStudio.QualityTools.Tips.UnitTest.Adapter, Version=10.0.0.0, Culture=neutral, PublicKeyToken=b03f5f7f11d50a3a" className="ValueConverter.UnitTestConverter, TestConverter, Version=1.0.0.0, Culture=neutral, PublicKeyToken=null" name="TestSmMetr" />
    </UnitTest>
    <UnitTest name="TestMmDm" storage="c:\users\danil\documents\visual studio 2010\projects\valueconverter\testconverter\bin\debug\testconverter.dll" id="feb481cd-226b-f8fb-2e66-af7038d9bf6d">
      <Execution id="533a8cae-01aa-4917-a47f-4055ff3633a2" />
      <TestMethod codeBase="C:/Users/Danil/Documents/Visual Studio 2010/Projects/ValueConverter/TestConverter/bin/Debug/TestConverter.DLL" adapterTypeName="Microsoft.VisualStudio.TestTools.TestTypes.Unit.UnitTestAdapter, Microsoft.VisualStudio.QualityTools.Tips.UnitTest.Adapter, Version=10.0.0.0, Culture=neutral, PublicKeyToken=b03f5f7f11d50a3a" className="ValueConverter.UnitTestConverter, TestConverter, Version=1.0.0.0, Culture=neutral, PublicKeyToken=null" name="TestMmDm" />
    </UnitTest>
    <UnitTest name="TestDmMm" storage="c:\users\danil\documents\visual studio 2010\projects\valueconverter\testconverter\bin\debug\testconverter.dll" id="3d402391-365d-2a98-9024-f4cd22140996">
      <Execution id="c2c02128-30ba-4193-afd7-16a9b04aba80" />
      <TestMethod codeBase="C:/Users/Danil/Documents/Visual Studio 2010/Projects/ValueConverter/TestConverter/bin/Debug/TestConverter.DLL" adapterTypeName="Microsoft.VisualStudio.TestTools.TestTypes.Unit.UnitTestAdapter, Microsoft.VisualStudio.QualityTools.Tips.UnitTest.Adapter, Version=10.0.0.0, Culture=neutral, PublicKeyToken=b03f5f7f11d50a3a" className="ValueConverter.UnitTestConverter, TestConverter, Version=1.0.0.0, Culture=neutral, PublicKeyToken=null" name="TestDmMm" />
    </UnitTest>
    <UnitTest name="TestMetrSm" storage="c:\users\danil\documents\visual studio 2010\projects\valueconverter\testconverter\bin\debug\testconverter.dll" id="6c2cedde-cd7e-0efc-d6fa-837282b6c32b">
      <Execution id="e5e39feb-2c58-4c8d-9057-3d3a62e8d081" />
      <TestMethod codeBase="C:/Users/Danil/Documents/Visual Studio 2010/Projects/ValueConverter/TestConverter/bin/Debug/TestConverter.DLL" adapterTypeName="Microsoft.VisualStudio.TestTools.TestTypes.Unit.UnitTestAdapter, Microsoft.VisualStudio.QualityTools.Tips.UnitTest.Adapter, Version=10.0.0.0, Culture=neutral, PublicKeyToken=b03f5f7f11d50a3a" className="ValueConverter.UnitTestConverter, TestConverter, Version=1.0.0.0, Culture=neutral, PublicKeyToken=null" name="TestMetrSm" />
    </UnitTest>
    <UnitTest name="TestMetrMm" storage="c:\users\danil\documents\visual studio 2010\projects\valueconverter\testconverter\bin\debug\testconverter.dll" id="e4d2a67b-ad04-ecd0-21a5-fad045265e2d">
      <Execution id="1b6c9fe9-c0d5-458b-99b2-edd676c24e7b" />
      <TestMethod codeBase="C:/Users/Danil/Documents/Visual Studio 2010/Projects/ValueConverter/TestConverter/bin/Debug/TestConverter.DLL" adapterTypeName="Microsoft.VisualStudio.TestTools.TestTypes.Unit.UnitTestAdapter, Microsoft.VisualStudio.QualityTools.Tips.UnitTest.Adapter, Version=10.0.0.0, Culture=neutral, PublicKeyToken=b03f5f7f11d50a3a" className="ValueConverter.UnitTestConverter, TestConverter, Version=1.0.0.0, Culture=neutral, PublicKeyToken=null" name="TestMetrMm" />
    </UnitTest>
    <UnitTest name="TestSmDm" storage="c:\users\danil\documents\visual studio 2010\projects\valueconverter\testconverter\bin\debug\testconverter.dll" id="032f58ba-8aa6-4d5a-5072-3b9bf5ac4a7e">
      <Execution id="17f03640-279d-4cbf-8a02-2c925d9df1b0" />
      <TestMethod codeBase="C:/Users/Danil/Documents/Visual Studio 2010/Projects/ValueConverter/TestConverter/bin/Debug/TestConverter.DLL" adapterTypeName="Microsoft.VisualStudio.TestTools.TestTypes.Unit.UnitTestAdapter, Microsoft.VisualStudio.QualityTools.Tips.UnitTest.Adapter, Version=10.0.0.0, Culture=neutral, PublicKeyToken=b03f5f7f11d50a3a" className="ValueConverter.UnitTestConverter, TestConverter, Version=1.0.0.0, Culture=neutral, PublicKeyToken=null" name="TestSmDm" />
    </UnitTest>
    <UnitTest name="TestMetrDm" storage="c:\users\danil\documents\visual studio 2010\projects\valueconverter\testconverter\bin\debug\testconverter.dll" id="c0883313-e389-a91f-1210-0652148b1a2f">
      <Execution id="182eeb39-f8b0-4e44-ba10-703261281d7d" />
      <TestMethod codeBase="C:/Users/Danil/Documents/Visual Studio 2010/Projects/ValueConverter/TestConverter/bin/Debug/TestConverter.DLL" adapterTypeName="Microsoft.VisualStudio.TestTools.TestTypes.Unit.UnitTestAdapter, Microsoft.VisualStudio.QualityTools.Tips.UnitTest.Adapter, Version=10.0.0.0, Culture=neutral, PublicKeyToken=b03f5f7f11d50a3a" className="ValueConverter.UnitTestConverter, TestConverter, Version=1.0.0.0, Culture=neutral, PublicKeyToken=null" name="TestMetrDm" />
    </UnitTest>
    <UnitTest name="TestMmMetr" storage="c:\users\danil\documents\visual studio 2010\projects\valueconverter\testconverter\bin\debug\testconverter.dll" id="2c1b110b-9439-153a-81d8-8cfd34023275">
      <Execution id="28e42880-a7d9-44dd-ae90-bb7e6b872527" />
      <TestMethod codeBase="C:/Users/Danil/Documents/Visual Studio 2010/Projects/ValueConverter/TestConverter/bin/Debug/TestConverter.DLL" adapterTypeName="Microsoft.VisualStudio.TestTools.TestTypes.Unit.UnitTestAdapter, Microsoft.VisualStudio.QualityTools.Tips.UnitTest.Adapter, Version=10.0.0.0, Culture=neutral, PublicKeyToken=b03f5f7f11d50a3a" className="ValueConverter.UnitTestConverter, TestConverter, Version=1.0.0.0, Culture=neutral, PublicKeyToken=null" name="TestMmMetr" />
    </UnitTest>
    <UnitTest name="TestDmMetr" storage="c:\users\danil\documents\visual studio 2010\projects\valueconverter\testconverter\bin\debug\testconverter.dll" id="79c6110a-95f0-0319-18c8-4c7911f4b745">
      <Execution id="66b54e41-54d8-4063-bf91-4744a246d9c5" />
      <TestMethod codeBase="C:/Users/Danil/Documents/Visual Studio 2010/Projects/ValueConverter/TestConverter/bin/Debug/TestConverter.DLL" adapterTypeName="Microsoft.VisualStudio.TestTools.TestTypes.Unit.UnitTestAdapter, Microsoft.VisualStudio.QualityTools.Tips.UnitTest.Adapter, Version=10.0.0.0, Culture=neutral, PublicKeyToken=b03f5f7f11d50a3a" className="ValueConverter.UnitTestConverter, TestConverter, Version=1.0.0.0, Culture=neutral, PublicKeyToken=null" name="TestDmMetr" />
    </UnitTest>
    <UnitTest name="TestMmSm" storage="c:\users\danil\documents\visual studio 2010\projects\valueconverter\testconverter\bin\debug\testconverter.dll" id="353206ff-aa2a-cb79-c509-69ae29047a15">
      <Execution id="03d0f47e-ae81-4357-962a-3f6869f657b4" />
      <TestMethod codeBase="C:/Users/Danil/Documents/Visual Studio 2010/Projects/ValueConverter/TestConverter/bin/Debug/TestConverter.DLL" adapterTypeName="Microsoft.VisualStudio.TestTools.TestTypes.Unit.UnitTestAdapter, Microsoft.VisualStudio.QualityTools.Tips.UnitTest.Adapter, Version=10.0.0.0, Culture=neutral, PublicKeyToken=b03f5f7f11d50a3a" className="ValueConverter.UnitTestConverter, TestConverter, Version=1.0.0.0, Culture=neutral, PublicKeyToken=null" name="TestMmSm" />
    </UnitTest>
    <UnitTest name="TestSmMm" storage="c:\users\danil\documents\visual studio 2010\projects\valueconverter\testconverter\bin\debug\testconverter.dll" id="18b7e4e4-b90d-6a98-eccf-cc1fc273a112">
      <Execution id="3458c33a-43de-4580-921d-bb1a1551dd80" />
      <TestMethod codeBase="C:/Users/Danil/Documents/Visual Studio 2010/Projects/ValueConverter/TestConverter/bin/Debug/TestConverter.DLL" adapterTypeName="Microsoft.VisualStudio.TestTools.TestTypes.Unit.UnitTestAdapter, Microsoft.VisualStudio.QualityTools.Tips.UnitTest.Adapter, Version=10.0.0.0, Culture=neutral, PublicKeyToken=b03f5f7f11d50a3a" className="ValueConverter.UnitTestConverter, TestConverter, Version=1.0.0.0, Culture=neutral, PublicKeyToken=null" name="TestSmMm" />
    </UnitTest>
  </TestDefinitions>
  <TestLists>
    <TestList name="Отсутствующие в списке результаты" id="8c84fa94-04c1-424b-9868-57a2d4851a1d" />
    <TestList name="Все загруженные результаты" id="19431567-8539-422a-85d7-44ee4e166bda" />
  </TestLists>
  <TestEntries>
    <TestEntry testId="6c2cedde-cd7e-0efc-d6fa-837282b6c32b" executionId="e5e39feb-2c58-4c8d-9057-3d3a62e8d081" testListId="8c84fa94-04c1-424b-9868-57a2d4851a1d" />
    <TestEntry testId="c0883313-e389-a91f-1210-0652148b1a2f" executionId="182eeb39-f8b0-4e44-ba10-703261281d7d" testListId="8c84fa94-04c1-424b-9868-57a2d4851a1d" />
    <TestEntry testId="9ba3421a-22d3-8dd2-3b33-7ade886ef9cb" executionId="3bf872df-7714-46ba-a3e9-e64276e85194" testListId="8c84fa94-04c1-424b-9868-57a2d4851a1d" />
    <TestEntry testId="032f58ba-8aa6-4d5a-5072-3b9bf5ac4a7e" executionId="17f03640-279d-4cbf-8a02-2c925d9df1b0" testListId="8c84fa94-04c1-424b-9868-57a2d4851a1d" />
    <TestEntry testId="2c1b110b-9439-153a-81d8-8cfd34023275" executionId="28e42880-a7d9-44dd-ae90-bb7e6b872527" testListId="8c84fa94-04c1-424b-9868-57a2d4851a1d" />
    <TestEntry testId="feb481cd-226b-f8fb-2e66-af7038d9bf6d" executionId="533a8cae-01aa-4917-a47f-4055ff3633a2" testListId="8c84fa94-04c1-424b-9868-57a2d4851a1d" />
    <TestEntry testId="353206ff-aa2a-cb79-c509-69ae29047a15" executionId="03d0f47e-ae81-4357-962a-3f6869f657b4" testListId="8c84fa94-04c1-424b-9868-57a2d4851a1d" />
    <TestEntry testId="e4d2a67b-ad04-ecd0-21a5-fad045265e2d" executionId="1b6c9fe9-c0d5-458b-99b2-edd676c24e7b" testListId="8c84fa94-04c1-424b-9868-57a2d4851a1d" />
    <TestEntry testId="79c6110a-95f0-0319-18c8-4c7911f4b745" executionId="66b54e41-54d8-4063-bf91-4744a246d9c5" testListId="8c84fa94-04c1-424b-9868-57a2d4851a1d" />
    <TestEntry testId="a57aff22-b053-f88f-75ed-245c14bfc6e5" executionId="902477af-b988-4408-8914-1cbb1c24aad5" testListId="8c84fa94-04c1-424b-9868-57a2d4851a1d" />
    <TestEntry testId="3d402391-365d-2a98-9024-f4cd22140996" executionId="c2c02128-30ba-4193-afd7-16a9b04aba80" testListId="8c84fa94-04c1-424b-9868-57a2d4851a1d" />
    <TestEntry testId="18b7e4e4-b90d-6a98-eccf-cc1fc273a112" executionId="3458c33a-43de-4580-921d-bb1a1551dd80" testListId="8c84fa94-04c1-424b-9868-57a2d4851a1d" />
  </TestEntries>
  <Results>
    <UnitTestResult executionId="e5e39feb-2c58-4c8d-9057-3d3a62e8d081" testId="6c2cedde-cd7e-0efc-d6fa-837282b6c32b" testName="TestMetrSm" computerName="DANIL-PC" duration="00:00:00.0168395" startTime="2016-03-19T11:39:12.5269216+06:00" endTime="2016-03-19T11:39:12.8239386+06:00" testType="13cdc9d9-ddb5-4fa4-a97d-d965ccfc6d4b" outcome="Passed" testListId="8c84fa94-04c1-424b-9868-57a2d4851a1d" relativeResultsDirectory="e5e39feb-2c58-4c8d-9057-3d3a62e8d081">
    </UnitTestResult>
    <UnitTestResult executionId="182eeb39-f8b0-4e44-ba10-703261281d7d" testId="c0883313-e389-a91f-1210-0652148b1a2f" testName="TestMetrDm" computerName="DANIL-PC" duration="00:00:00.0002873" startTime="2016-03-19T11:39:12.8249386+06:00" endTime="2016-03-19T11:39:12.8279388+06:00" testType="13cdc9d9-ddb5-4fa4-a97d-d965ccfc6d4b" outcome="Passed" testListId="8c84fa94-04c1-424b-9868-57a2d4851a1d" relativeResultsDirectory="182eeb39-f8b0-4e44-ba10-703261281d7d">
    </UnitTestResult>
    <UnitTestResult executionId="3bf872df-7714-46ba-a3e9-e64276e85194" testId="9ba3421a-22d3-8dd2-3b33-7ade886ef9cb" testName="TestSmMetr" computerName="DANIL-PC" duration="00:00:00.0003948" startTime="2016-03-19T11:39:12.8299389+06:00" endTime="2016-03-19T11:39:12.8329391+06:00" testType="13cdc9d9-ddb5-4fa4-a97d-d965ccfc6d4b" outcome="Passed" testListId="8c84fa94-04c1-424b-9868-57a2d4851a1d" relativeResultsDirectory="3bf872df-7714-46ba-a3e9-e64276e85194">
    </UnitTestResult>
    <UnitTestResult executionId="17f03640-279d-4cbf-8a02-2c925d9df1b0" testId="032f58ba-8aa6-4d5a-5072-3b9bf5ac4a7e" testName="TestSmDm" computerName="DANIL-PC" duration="00:00:00.0003712" startTime="2016-03-19T11:39:12.8349392+06:00" endTime="2016-03-19T11:39:12.8379394+06:00" testType="13cdc9d9-ddb5-4fa4-a97d-d965ccfc6d4b" outcome="Passed" testListId="8c84fa94-04c1-424b-9868-57a2d4851a1d" relativeResultsDirectory="17f03640-279d-4cbf-8a02-2c925d9df1b0">
    </UnitTestResult>
    <UnitTestResult executionId="28e42880-a7d9-44dd-ae90-bb7e6b872527" testId="2c1b110b-9439-153a-81d8-8cfd34023275" testName="TestMmMetr" computerName="DANIL-PC" duration="00:00:00.0003960" startTime="2016-03-19T11:39:12.8409395+06:00" endTime="2016-03-19T11:39:12.8429396+06:00" testType="13cdc9d9-ddb5-4fa4-a97d-d965ccfc6d4b" outcome="Passed" testListId="8c84fa94-04c1-424b-9868-57a2d4851a1d" relativeResultsDirectory="28e42880-a7d9-44dd-ae90-bb7e6b872527">
    </UnitTestResult>
    <UnitTestResult executionId="533a8cae-01aa-4917-a47f-4055ff3633a2" testId="feb481cd-226b-f8fb-2e66-af7038d9bf6d" testName="TestMmDm" computerName="DANIL-PC" duration="00:00:00.0002716" startTime="2016-03-19T11:39:12.8449398+06:00" endTime="2016-03-19T11:39:12.8479399+06:00" testType="13cdc9d9-ddb5-4fa4-a97d-d965ccfc6d4b" outcome="Passed" testListId="8c84fa94-04c1-424b-9868-57a2d4851a1d" relativeResultsDirectory="533a8cae-01aa-4917-a47f-4055ff3633a2">
    </UnitTestResult>
    <UnitTestResult executionId="03d0f47e-ae81-4357-962a-3f6869f657b4" testId="353206ff-aa2a-cb79-c509-69ae29047a15" testName="TestMmSm" computerName="DANIL-PC" duration="00:00:00.0003652" startTime="2016-03-19T11:39:12.8499400+06:00" endTime="2016-03-19T11:39:12.8519402+06:00" testType="13cdc9d9-ddb5-4fa4-a97d-d965ccfc6d4b" outcome="Passed" testListId="8c84fa94-04c1-424b-9868-57a2d4851a1d" relativeResultsDirectory="03d0f47e-ae81-4357-962a-3f6869f657b4">
    </UnitTestResult>
    <UnitTestResult executionId="1b6c9fe9-c0d5-458b-99b2-edd676c24e7b" testId="e4d2a67b-ad04-ecd0-21a5-fad045265e2d" testName="TestMetrMm" computerName="DANIL-PC" duration="00:00:00.0003785" startTime="2016-03-19T11:39:12.8539403+06:00" endTime="2016-03-19T11:39:12.8579405+06:00" testType="13cdc9d9-ddb5-4fa4-a97d-d965ccfc6d4b" outcome="Passed" testListId="8c84fa94-04c1-424b-9868-57a2d4851a1d" relativeResultsDirectory="1b6c9fe9-c0d5-458b-99b2-edd676c24e7b">
    </UnitTestResult>
    <UnitTestResult executionId="66b54e41-54d8-4063-bf91-4744a246d9c5" testId="79c6110a-95f0-0319-18c8-4c7911f4b745" testName="TestDmMetr" computerName="DANIL-PC" duration="00:00:00.0003815" startTime="2016-03-19T11:39:12.8599406+06:00" endTime="2016-03-19T11:39:12.8629408+06:00" testType="13cdc9d9-ddb5-4fa4-a97d-d965ccfc6d4b" outcome="Passed" testListId="8c84fa94-04c1-424b-9868-57a2d4851a1d" relativeResultsDirectory="66b54e41-54d8-4063-bf91-4744a246d9c5">
    </UnitTestResult>
    <UnitTestResult executionId="902477af-b988-4408-8914-1cbb1c24aad5" testId="a57aff22-b053-f88f-75ed-245c14bfc6e5" testName="TestDmSm" computerName="DANIL-PC" duration="00:00:00.0002662" startTime="2016-03-19T11:39:12.8649409+06:00" endTime="2016-03-19T11:39:12.8669410+06:00" testType="13cdc9d9-ddb5-4fa4-a97d-d965ccfc6d4b" outcome="Passed" testListId="8c84fa94-04c1-424b-9868-57a2d4851a1d" relativeResultsDirectory="902477af-b988-4408-8914-1cbb1c24aad5">
    </UnitTestResult>
    <UnitTestResult executionId="c2c02128-30ba-4193-afd7-16a9b04aba80" testId="3d402391-365d-2a98-9024-f4cd22140996" testName="TestDmMm" computerName="DANIL-PC" duration="00:00:00.0002704" startTime="2016-03-19T11:39:12.8689411+06:00" endTime="2016-03-19T11:39:12.8709412+06:00" testType="13cdc9d9-ddb5-4fa4-a97d-d965ccfc6d4b" outcome="Passed" testListId="8c84fa94-04c1-424b-9868-57a2d4851a1d" relativeResultsDirectory="c2c02128-30ba-4193-afd7-16a9b04aba80">
    </UnitTestResult>
    <UnitTestResult executionId="3458c33a-43de-4580-921d-bb1a1551dd80" testId="18b7e4e4-b90d-6a98-eccf-cc1fc273a112" testName="TestSmMm" computerName="DANIL-PC" duration="00:00:00.0002746" startTime="2016-03-19T11:39:12.8729414+06:00" endTime="2016-03-19T11:39:12.8749415+06:00" testType="13cdc9d9-ddb5-4fa4-a97d-d965ccfc6d4b" outcome="Passed" testListId="8c84fa94-04c1-424b-9868-57a2d4851a1d" relativeResultsDirectory="3458c33a-43de-4580-921d-bb1a1551dd80">
    </UnitTestResult>
  </Results>
</TestRun>